['../tests/xtract_python_test.py', '../tests/test.py']