import numpy as np
import matplotlib as mpl


def foo_0(bar):
    """Checking for handling of
    spaces on a double line."""
    return bar


def foo_1(bar):
    """Checking for handling of spaces on a single line."""
    return bar


def foo_2(bar):
    """ Checking for handling of spaces on a single line."""
    return bar


def foo_3(bar):
    """ Checking
    for
    handling
    of
    spaces
    on
    a
    double
    line. """
    return bar


def foo_4(bar):
    """Checking for handling of spaces on a single line. """
    return bar


def foo_5(bar):
    """ Checking for handling
    of spaces on a double line. """
    return bar


def foo_6(bar):
    """ Checking
    for
    handling
    of
    spaces
    on
    a
    double
    line. """
    return bar


def foo_7(bar):
    """ Checking for handling of spaces on a single line. """
    return bar


def foo_8(bar):
    """ Checking    for
    handling
    of
        spaces
        on  a
        double  line. """
    return bar


def foo_9(bar):
    """ Checking    for handling    of
        spaces  on  a   double  line. """
    return bar
