['Checking for handling of spaces on a single line.', 'Checking for handling of spaces on a single line.', 'Checking for handling of spaces on a single line.', 'Checking for handling of spaces on a single line.']