['Checking for handling of\n    spaces on a double line.', 'Checking for handling\n    of spaces on a double line.', 'Checking\n    for\n    handling\n    of\n    spaces\n    on\n    a\n    double\n    line.', 'Checking    for handling    of\n        spaces  on  a   double  line.', 'Checking    for\n    handling\n    of\n        spaces\n        on  a\n        double  line.']