['test_files/multi_line.py', 'test_files/mixed_line.py', 'test_files/num_calls_open_test1.py', 'test_files/pep8_compliance_test1.py', 'test_files/single_line.py']